california_schools done
card_games done
codebase_community done
debit_card_specializing done
european_football_2 done
financial done
formula_1 done
student_club done
superhero done
thrombosis_prediction done
toxicology done

policy x verdict: diverged / complete (censored: not observed in every configuration)
  raw       DET         2/315  censored 0
  raw       NARROW      259/471  censored 0
  raw       ALL         137/217  censored 0
  raw       UNSUPPORTED 89/318  censored 0
  smartlex  DET         2/315  censored 0
  smartlex  NARROW      0/471  censored 0
  smartlex  ALL         1/217  censored 0
  smartlex  UNSUPPORTED 41/318  censored 0
  certified DET         2/315  censored 0
  certified NARROW      0/471  censored 0
  certified ALL         1/217  censored 0
  certified UNSUPPORTED 41/318  censored 0
