certify.py: OK
1369ffcae12b93aec06735259c146814  certify.py
md5-withheld  tool.py
5bf19bb17ed3900ded8502d8b010559b  heldout_probes.py
31e6109e8111f273ee7cb9c88badcc4a  heldout_dedup.py
e3feb86d0bb25f739dab55028098a66b  td2_filter.py
7fedeb45118a8eb3f936e61fd42e47a0  distribution.py
2c72ddee2905151f7dc23162fee1162f  $PROJECT_ROOT/runs/obsdet/cert_heldout_all.jsonl
2434298528794eaa37dcc96eeb32ae1b  $PROJECT_ROOT/runs/obsdet/cert_td_all.jsonl
distinct statements 1468 | in dev set 3
  (False, False, 'ALL') 229
  (False, False, 'DET') 274
  (False, False, 'NARROW') 465
  (False, False, 'UNSUPPORTED') 332
  (False, True, 'ALL') 2
  (False, True, 'DET') 3
  (False, True, 'NARROW') 10
  (False, True, 'UNSUPPORTED') 150
  (True, False, 'UNSUPPORTED') 3
{
 "distinct_statements": 1468,
 "removed_in_order": {
  "dev_exact": 3,
  "dev_normalized": 6,
  "heldout1_exact": 14,
  "heldout1_normalized": 4,
  "td1_exact": 5,
  "td1_normalized": 4,
  "fails_on_sf1": 165
 },
 "kept": 1267,
 "kept_distinct_after_norm": 1244,
 "kept_by_model": {
  "v7td2_phi4": 489,
  "v7td2_qwen3_8b": 801
 },
 "kept_by_db": {
  "california_schools": 146,
  "card_games": 147,
  "codebase_community": 129,
  "debit_card_specializing": 137,
  "financial": 116,
  "formula_1": 148,
  "student_club": 131,
  "superhero": 99,
  "thrombosis_prediction": 81,
  "toxicology": 133
 },
 "kept_in_both_models": 23,
 "kept_occurrences": 14250,
 "verdicts": {
  "DET": {
   "n": 269,
   "pct": 21.2
  },
  "NARROW": {
   "n": 457,
   "pct": 36.1
  },
  "ALL": {
   "n": 219,
   "pct": 17.3
  },
  "UNSUPPORTED": {
   "n": 322,
   "pct": 25.4
  }
 },
 "rewrite_failed": 0
}
{
 "n_probes": 1267,
 "overall": {
  "DET": {
   "n": 269,
   "pct": 21.2
  },
  "NARROW": {
   "n": 457,
   "pct": 36.1
  },
  "ALL": {
   "n": 219,
   "pct": 17.3
  },
  "UNSUPPORTED": {
   "n": 322,
   "pct": 25.4
  },
  "total": 1267
 },
 "tie_break_width": {
  "n": 676,
  "certified_hist": {
   "1": 608,
   "2": 61,
   "3": 7
  },
  "certified_mean": 1.11,
  "smartlex_mean": 2.58,
  "smartlex_hist": {
   "1": 251,
   "2": 226,
   "3": 98,
   "4": 35,
   "5": 19,
   "6": 9,
   "7": 16,
   "8": 5,
   "9": 6,
   "11": 1,
   "12": 3,
   "18": 1,
   "20": 1,
   "22": 1,
   "25": 2,
   "49": 2
  },
  "key_tie_break": 465,
  "non_output_key": 277
 },
 "raw_divergence_by_verdict": {
  "DET": {
   "diverged": 0,
   "total": 0
  },
  "NARROW": {
   "diverged": 0,
   "total": 0
  },
  "ALL": {
   "diverged": 0,
   "total": 0
  },
  "UNSUPPORTED": {
   "diverged": 0,
   "total": 0
  }
 }
}
DISTINCT               DET=6(4.0%) NARROW=28(18.8%) ALL=94(63.1%) UNSUPPORTED=21(14.1%) total=149
GROUP BY               DET=2(5.0%) NARROW=17(42.5%) ALL=2(5.0%) UNSUPPORTED=19(47.5%) total=40
LIMIT, no ORDER BY     DET=1(1.5%) NARROW=38(56.7%) ALL=14(20.9%) UNSUPPORTED=14(20.9%) total=67
ORDER BY + LIMIT       DET=4(5.2%) NARROW=55(71.4%) ALL=7(9.1%) UNSUPPORTED=11(14.3%) total=77
ORDER BY, no LIMIT     DET=1(3.3%) NARROW=23(76.7%) ALL=0(0.0%) UNSUPPORTED=6(20.0%) total=30
unordered SELECT       DET=255(28.2%) NARROW=296(32.7%) ALL=102(11.3%) UNSUPPORTED=251(27.8%) total=904
no-keys ablation: {'DET': {'n': 205, 'pct': 16.2}, 'NARROW': {'n': 211, 'pct': 16.7}, 'ALL': {'n': 529, 'pct': 41.8}, 'UNSUPPORTED': {'n': 322, 'pct': 25.4}, 'total': 1267} mean width 2.16
E4 v7td2_qwen3_8b: DET=122(22.9%) NARROW=190(35.7%) ALL=95(17.9%) UNSUPPORTED=125(23.5%) total=532
E4 v7td2_phi4: DET=88(24.8%) NARROW=109(30.7%) ALL=62(17.5%) UNSUPPORTED=96(27.0%) total=355
