OK  DET         (exp DET        ) raw_div  0/30 cert_div  0/30 cert_fail 0 | SELECT id, name FROM emp ORDER BY id | []
OK  DET         (exp DET        ) raw_div  0/30 cert_div  0/30 cert_fail 0 | SELECT name FROM emp ORDER BY id LIMIT 3 | []
OK  DET         (exp DET        ) raw_div  0/30 cert_div  0/30 cert_fail 0 | SELECT name FROM emp ORDER BY name LIMIT 3 | []
OK  NARROW      (exp NARROW     ) raw_div 30/30 cert_div  0/30 cert_fail 0 | SELECT name, salary FROM emp ORDER BY salary DESC LIMIT 2 | ['"emp"."id"']
OK  NARROW      (exp NARROW     ) raw_div  0/30 cert_div  0/30 cert_fail 0 | SELECT dept_id, COUNT(*) FROM emp GROUP BY dept_id ORDER BY 2 DESC | ['emp.dept_id']
OK  ALL         (exp ALL        ) raw_div 30/30 cert_div  0/30 cert_fail 0 | SELECT DISTINCT dept_id FROM emp | ['1']
OK  DET         (exp DET        ) raw_div  0/30 cert_div  0/30 cert_fail 0 | SELECT e.name, d.dname FROM emp e JOIN dept d ON e.dept_id = d.id ORDER BY e.id | []
OK  NARROW      (exp NARROW     ) raw_div 30/30 cert_div  0/30 cert_fail 0 | SELECT e.name, d.dname FROM emp e JOIN dept d ON e.dept_id = d.id ORDER BY d.id | ['"e"."id"']
OK  ALL         (exp ALL        ) raw_div 30/30 cert_div  0/30 cert_fail 0 | SELECT msg FROM log ORDER BY ts | ['1']
OK  ALL         (exp ALL        ) raw_div 30/30 cert_div  0/30 cert_fail 0 | SELECT * FROM log LIMIT 5 | ['1', '2', '3']
OK  NARROW      (exp NARROW     ) raw_div  0/30 cert_div  0/30 cert_fail 0 | SELECT email, name FROM emp ORDER BY email LIMIT 3 | ['"emp"."id"']
OK  UNSUPPORTED (exp UNSUPPORTED) raw_div 30/30 cert_div  0/30 cert_fail 0 | SELECT SUM(bonus) FROM emp | []
OK  DET         (exp DET        ) raw_div  0/30 cert_div  0/30 cert_fail 0 | SELECT SUM(salary) FROM emp | []
OK  UNSUPPORTED (exp UNSUPPORTED) raw_div 30/30 cert_div  0/30 cert_fail 0 | SELECT name FROM emp e LEFT JOIN dept d ON e.dept_id = d.id | []
OK  UNSUPPORTED (exp UNSUPPORTED) raw_div 30/30 cert_div  0/30 cert_fail 0 | SELECT * FROM (SELECT * FROM emp ORDER BY salary LIMIT 3) t | []
OK  DET         (exp DET        ) raw_div  0/30 cert_div  0/30 cert_fail 0 | SELECT name FROM emp WHERE id = 3 | []
OK  NARROW      (exp NARROW     ) raw_div 30/30 cert_div  0/30 cert_fail 0 | SELECT name FROM emp WHERE dept_id = 1 ORDER BY LENGTH(name) | ['"emp"."id"']
OK  NARROW      (exp NARROW     ) raw_div 30/30 cert_div  0/30 cert_fail 0 | SELECT a, v FROM pair ORDER BY a | ['2']
OK  UNSUPPORTED (exp UNSUPPORTED) raw_div 30/30 cert_div  0/30 cert_fail 0 | SELECT name FROM emp ORDER BY random() | []
OK  DET         (exp DET        ) raw_div  0/30 cert_div  0/30 cert_fail 0 | SELECT dept_id, AVG(salary) FROM emp GROUP BY dept_id HAVING COUNT(*) > 1 ORDER  | []
OK  UNSUPPORTED (exp UNSUPPORTED) raw_div 30/30 cert_div  0/30 cert_fail 0 | SELECT name FROM emp UNION SELECT dname FROM dept | []
OK  DET         (exp DET        ) raw_div  0/30 cert_div  0/30 cert_fail 0 | SELECT name, (SELECT COUNT(*) FROM log l WHERE l.emp_id = e.id) AS n FROM emp e  | []
OK  UNSUPPORTED (exp UNSUPPORTED) raw_div  0/30 cert_div  0/30 cert_fail 0 | SELECT name FROM emp WHERE salary > (SELECT AVG(bonus) FROM emp) ORDER BY id | []
OK  NARROW      (exp NARROW     ) raw_div 30/30 cert_div  0/30 cert_fail 0 | SELECT DISTINCT e.id, e.name FROM emp e | ['1']
OK  DET         (exp DET        ) raw_div  0/30 cert_div  0/30 cert_fail 0 | SELECT name, salary FROM emp ORDER BY salary, name LIMIT 5 | []
OK  NARROW      (exp NARROW     ) raw_div  3/30 cert_div  0/30 cert_fail 0 | SELECT d.dname, COUNT(*) AS n FROM emp e JOIN dept d ON e.dept_id = d.id GROUP B | ['d.dname']
OK  NARROW      (exp NARROW     ) raw_div 30/30 cert_div  0/30 cert_fail 0 | SELECT e.name FROM emp e, dept d WHERE e.dept_id = d.id AND d.id = 2 ORDER BY e. | ['"e"."id"']
OK  DET         (exp DET        ) raw_div  0/30 cert_div  0/30 cert_fail 0 | SELECT ts, msg FROM log WHERE emp_id = 1 ORDER BY ts, msg LIMIT 3 | []
OK  NARROW      (exp NARROW     ) raw_div  0/30 cert_div  0/30 cert_fail 0 | SELECT emp_id, MAX(ts) FROM log GROUP BY emp_id | ['log.emp_id']
OK  UNSUPPORTED (exp UNSUPPORTED) raw_div  0/30 cert_div  0/30 cert_fail 0 | SELECT name FROM emp ORDER BY salary; SELECT 1 | []
OK  DET         (exp DET        ) raw_div  0/30 cert_div  0/30 cert_fail 0 | SELECT e.name, d.dname FROM emp e, dept d WHERE e.dept_id = d.id ORDER BY e.id | []
OK  NARROW      (exp NARROW     ) raw_div 30/30 cert_div  0/30 cert_fail 0 | SELECT d.id, c.c FROM dept d JOIN code c ON c.c = d.id ORDER BY d.id | ['2']
OK  ALL         (exp ALL        ) raw_div 30/30 cert_div  0/30 cert_fail 0 | SELECT DISTINCT id % 2 AS parity, name FROM emp LIMIT 1 | ['2', '1']
OK  NARROW      (exp NARROW     ) raw_div 30/30 cert_div  0/30 cert_fail 0 | SELECT id % 2 AS parity, name, COUNT(*) FROM emp GROUP BY id % 2, name LIMIT 1 | ['emp.name', 'emp.id % 2']
OK  ALL         (exp ALL        ) raw_div 22/30 cert_div  0/30 cert_fail 0 | SELECT DISTINCT COUNT(*) FROM emp GROUP BY dept_id LIMIT 1 | ['1']
OK  UNSUPPORTED (exp UNSUPPORTED) raw_div  0/30 cert_div  0/30 cert_fail 0 | SELECT name, salary FROM emp ORDER BY salary FETCH FIRST 1 ROWS WITH TIES | []
OK  UNSUPPORTED (exp UNSUPPORTED) raw_div 30/30 cert_div  0/30 cert_fail 0 | SELECT name FROM emp LIMIT 10% | []
OK  UNSUPPORTED (exp UNSUPPORTED) raw_div  0/30 cert_div  0/30 cert_fail 0 | SELECT now() AS t FROM emp | []
OK  UNSUPPORTED (exp UNSUPPORTED) raw_div  0/30 cert_div  0/30 cert_fail 0 | SELECT name COLLATE nocase AS x FROM emp ORDER BY x LIMIT 1 | []
OK  DET         (exp DET        ) raw_div  0/30 cert_div  0/30 cert_fail 0 | SELECT dept_id, COUNT(*) FROM emp GROUP BY dept_id HAVING dept_id = 1 | []
OK  ALL         (exp ALL        ) raw_div 30/30 cert_div  0/30 cert_fail 0 | SELECT COUNT(*) FROM emp GROUP BY dept_id, name | ['1']
OK  NARROW      (exp NARROW     ) raw_div 30/30 cert_div  0/30 cert_fail 0 | SELECT name FROM emp | ['"emp"."id"']
OK  DET         (exp DET        ) raw_div  0/30 cert_div  0/30 cert_fail 0 | SELECT name, salary FROM emp ORDER BY ALL LIMIT 1 | []
OK  UNSUPPORTED (exp UNSUPPORTED) raw_div  0/30 cert_div  0/30 cert_fail 0 | SELECT dept_id, COUNT(*) FROM emp GROUP BY ALL LIMIT 1 | []
OK  DET         (exp DET        ) raw_div  0/30 cert_div  0/30 cert_fail 0 | SELECT xs FROM lst ORDER BY xs LIMIT 1 | []
OK  ALL         (exp ALL        ) raw_div 30/30 cert_div  0/30 cert_fail 0 | SELECT 1.0 / x AS y FROM f ORDER BY x LIMIT 1 | ['1']
OK  ALL         (exp ALL        ) raw_div 30/30 cert_div  0/30 cert_fail 0 | SELECT x, 1.0 / x AS y FROM f LIMIT 1 | ['1', '2']
OK  UNSUPPORTED (exp UNSUPPORTED) raw_div 30/30 cert_div  0/30 cert_fail 0 | SELECT 1.0 / MAX(x) FROM f WHERE x = 0 | []
OK  DET         (exp DET        ) raw_div  0/30 cert_div  0/30 cert_fail 0 | SELECT MAX(x) FROM f WHERE x = 0 | []
OK  UNSUPPORTED (exp UNSUPPORTED) raw_div 30/30 cert_div  0/30 cert_fail 0 | SELECT x, COUNT(*) FROM f GROUP BY x | []
OK  UNSUPPORTED (exp UNSUPPORTED) raw_div 30/30 cert_div  0/30 cert_fail 0 | SELECT (SELECT DISTINCT ON (i.dept_id) i.name FROM emp i WHERE i.dept_id = e.dep | []
OK  UNSUPPORTED (exp UNSUPPORTED) raw_div 30/30 cert_div  0/30 cert_fail 0 | WITH c AS (SELECT id FROM emp) SELECT id FROM c | []
OK  NARROW      (exp NARROW     ) raw_div 30/30 cert_div  0/30 cert_fail 0 | SELECT x, y FROM kk | ['"kk"."narrow"']
cases passed: 53 / 53 | verdicts correct: 53 | certified divergences: 0 | certified failed executions: 0 | power: raw diverged in 4 of 4 designated cases
OK  postgres UNSUPPORTED (exp UNSUPPORTED) | SELECT TIMESTAMP 'now' FROM emp
OK  postgres UNSUPPORTED (exp UNSUPPORTED) | SELECT CAST('today' AS DATE) FROM emp
OK  postgres UNSUPPORTED (exp UNSUPPORTED) | SELECT CAST(name AS TIMESTAMP) FROM emp
OK  postgres DET         (exp DET        ) | SELECT name FROM emp WHERE id = 3
OK  postgres NARROW      (exp NARROW     ) | SELECT name, salary FROM emp ORDER BY salary DESC LIMIT 2
OK  postgres DET         (exp DET        ) | SELECT name FROM emp WHERE name = 'now'
OK  postgres UNSUPPORTED (exp UNSUPPORTED) | SELECT name FROM ev WHERE 'today' IN (d)
OK  postgres NARROW      (exp NARROW     ) | SELECT name FROM ev WHERE 'now' IN (name)
